=== npm ci ===
npm warn allow-scripts   fsevents@2.3.3 (install: (install scripts present))
npm warn allow-scripts
npm warn allow-scripts Run `npm approve-scripts --allow-scripts-pending` to review, or `npm approve-scripts <pkg>` to allow.
exit:0
=== typecheck ===
> tsc -p tsconfig.json --noEmit
exit:0
=== test (node 24) ===
   ✓ new → ui → run composition (single lock, no double-acquire) > runs new, then ui import, then all phases without a lock deadlock  4414ms
 ✓ tests/pack.e2e.test.ts (1 test) 10276ms
   ✓ distribution E2E (npm pack + install) > tarball installs and the CLI works from dist  10275ms
 ✓ tests/milestone-txn.test.ts (2 tests) 20928ms
   ✓ milestone transaction crash safety (fault injection after every durable write) > crashing at EVERY injection point leaves no observable intermediate state  14473ms
 ✓ tests/gate.e2e.test.ts (4 tests) 63530ms
   ✓ production gate E2E (real app, real server, real Playwright) > READY: clean checkout of the exact commit, real server, real Playwright on desktop+mobile  13626ms
   ✓ production gate E2E (real app, real server, real Playwright) > NOT_READY with failure evidence: Playwright fails when the real flow is broken  10932ms
   ✓ production gate E2E (real app, real server, real Playwright) > check --fix repairs in an isolated workspace, commits, and re-runs the ENTIRE matrix to READY  25551ms

 Test Files  43 passed (43)
      Tests  333 passed | 3 skipped (336)
   Start at  09:26:36
   Duration  64.21s (transform 1.21s, setup 0ms, collect 5.99s, tests 255.06s, environment 6ms, prepare 2.28s)

exit:0
=== build ===
> tsc -p tsconfig.json
exit:0
=== pack ===
npm notice total files: 153
npm notice
rijo-0.1.0-alpha.1.tgz
exit:0
d783809cb2032990d84e9d7f61a24394619e92cfe5f22211b56b3f52af6caac6  rijo-0.1.0-alpha.1.tgz
